// Jest Snapshot v1, https://goo.gl/fbAQLP

exports[`InfoBoard renders 1`] = `
<div
  class="info"
>
  <div>
    X's turn
  </div>
  <div>
    X wins 2 times
  </div>
  <div>
    O has no winning!
  </div>
  <div>
    Draw 1 time
  </div>
  <div />
</div>
`;
